// Jest Snapshot v1, https://goo.gl/fbAQLP

exports[`SimpleModal component snapshot SimpleModal closed 1`] = `<div />`;
